// Jest Snapshot v1, https://goo.gl/fbAQLP

exports[`InlineLoaderIcon renders correctly without props 1`] = `ShallowWrapper {}`;
