// Jest Snapshot v1, https://goo.gl/fbAQLP

exports[`Lighting renders correctly without props 1`] = `ShallowWrapper {}`;
