// Jest Snapshot v1, https://goo.gl/fbAQLP

exports[`TodayCalendar renders correctly without props 1`] = `ShallowWrapper {}`;
