// Jest Snapshot v1, https://goo.gl/fbAQLP

exports[`CheckboxInBox renders correctly without props 1`] = `ShallowWrapper {}`;
