// Jest Snapshot v1, https://goo.gl/fbAQLP

exports[`CloseCircle renders correctly without props 1`] = `ShallowWrapper {}`;
