// Jest Snapshot v1, https://goo.gl/fbAQLP

exports[`FolderPlus renders correctly without props 1`] = `ShallowWrapper {}`;
