// Jest Snapshot v1, https://goo.gl/fbAQLP

exports[`Flag renders correctly without props 1`] = `ShallowWrapper {}`;
