// Jest Snapshot v1, https://goo.gl/fbAQLP

exports[`Close renders correctly without props 1`] = `ShallowWrapper {}`;
