// Jest Snapshot v1, https://goo.gl/fbAQLP

exports[`Flag renders correctly without props 1`] = `
ShallowWrapper {
  Symbol(enzyme.__root__): [Circular],
  Symbol(enzyme.__unrendered__): <Unknown />,
  Symbol(enzyme.__renderer__): Object {
    "batchedUpdates": [Function],
    "checkPropTypes": [Function],
    "getNode": [Function],
    "render": [Function],
    "simulateError": [Function],
    "simulateEvent": [Function],
    "unmount": [Function],
  },
  Symbol(enzyme.__node__): Object {
    "instance": null,
    "key": undefined,
    "nodeType": "host",
    "props": Object {
      "children": <path
        d="M18.63 8.9l2.093-3.624a1.404 1.404 0 0 0-.008-1.424c-.261-.439-.74-.71-1.26-.71H5.807a.722.722 0 0 0-.729-.713.722.722 0 0 0-.728.714v18.095c0 .395.326.714.728.714.403 0 .729-.32.729-.714v-6.19h13.6c.504-.001.973-.258 1.238-.678.265-.421.289-.947.064-1.389L18.629 8.9zM5.807 13.619V4.571h13.6l-2.463 4.286 2.429 4.762H5.807z"
        fill="black"
        fillRule="evenodd"
      />,
      "height": 20,
      "viewBox": "0 0 24 24",
      "width": 20,
      "xmlns": "http://www.w3.org/2000/svg",
    },
    "ref": null,
    "rendered": Object {
      "instance": null,
      "key": undefined,
      "nodeType": "host",
      "props": Object {
        "d": "M18.63 8.9l2.093-3.624a1.404 1.404 0 0 0-.008-1.424c-.261-.439-.74-.71-1.26-.71H5.807a.722.722 0 0 0-.729-.713.722.722 0 0 0-.728.714v18.095c0 .395.326.714.728.714.403 0 .729-.32.729-.714v-6.19h13.6c.504-.001.973-.258 1.238-.678.265-.421.289-.947.064-1.389L18.629 8.9zM5.807 13.619V4.571h13.6l-2.463 4.286 2.429 4.762H5.807z",
        "fill": "black",
        "fillRule": "evenodd",
      },
      "ref": null,
      "rendered": null,
      "type": "path",
    },
    "type": "svg",
  },
  Symbol(enzyme.__nodes__): Array [
    Object {
      "instance": null,
      "key": undefined,
      "nodeType": "host",
      "props": Object {
        "children": <path
          d="M18.63 8.9l2.093-3.624a1.404 1.404 0 0 0-.008-1.424c-.261-.439-.74-.71-1.26-.71H5.807a.722.722 0 0 0-.729-.713.722.722 0 0 0-.728.714v18.095c0 .395.326.714.728.714.403 0 .729-.32.729-.714v-6.19h13.6c.504-.001.973-.258 1.238-.678.265-.421.289-.947.064-1.389L18.629 8.9zM5.807 13.619V4.571h13.6l-2.463 4.286 2.429 4.762H5.807z"
          fill="black"
          fillRule="evenodd"
        />,
        "height": 20,
        "viewBox": "0 0 24 24",
        "width": 20,
        "xmlns": "http://www.w3.org/2000/svg",
      },
      "ref": null,
      "rendered": Object {
        "instance": null,
        "key": undefined,
        "nodeType": "host",
        "props": Object {
          "d": "M18.63 8.9l2.093-3.624a1.404 1.404 0 0 0-.008-1.424c-.261-.439-.74-.71-1.26-.71H5.807a.722.722 0 0 0-.729-.713.722.722 0 0 0-.728.714v18.095c0 .395.326.714.728.714.403 0 .729-.32.729-.714v-6.19h13.6c.504-.001.973-.258 1.238-.678.265-.421.289-.947.064-1.389L18.629 8.9zM5.807 13.619V4.571h13.6l-2.463 4.286 2.429 4.762H5.807z",
          "fill": "black",
          "fillRule": "evenodd",
        },
        "ref": null,
        "rendered": null,
        "type": "path",
      },
      "type": "svg",
    },
  ],
  Symbol(enzyme.__options__): Object {
    "adapter": ReactSixteenAdapter {
      "options": Object {
        "enableComponentDidUpdateOnSetState": true,
        "legacyContextMode": "parent",
        "lifecycles": Object {
          "componentDidUpdate": Object {
            "onSetState": true,
          },
          "getChildContext": Object {
            "calledByRenderer": false,
          },
          "getDerivedStateFromProps": Object {
            "hasShouldComponentUpdateBug": false,
          },
          "getSnapshotBeforeUpdate": true,
          "setState": Object {
            "skipsComponentDidUpdateOnNullish": true,
          },
        },
      },
    },
    "disableLifecycleMethods": true,
  },
}
`;
