// Jest Snapshot v1, https://goo.gl/fbAQLP

exports[`Text renders correctly without props 1`] = `ShallowWrapper {}`;
