// Jest Snapshot v1, https://goo.gl/fbAQLP

exports[`Silver renders correctly without props 1`] = `
ShallowWrapper {
  Symbol(enzyme.__root__): [Circular],
  Symbol(enzyme.__unrendered__): <UNDEFINED />,
  Symbol(enzyme.__renderer__): Object {
    "batchedUpdates": [Function],
    "checkPropTypes": [Function],
    "getNode": [Function],
    "render": [Function],
    "simulateError": [Function],
    "simulateEvent": [Function],
    "unmount": [Function],
  },
  Symbol(enzyme.__node__): Object {
    "instance": null,
    "key": undefined,
    "nodeType": "class",
    "props": Object {
      "children": <React.Fragment>
        <circle
          cx="10"
          cy="10"
          fill="#F7F7F7"
          r="10"
          stroke="#222"
          strokeWidth="1.5"
        />
        <path
          d="M11.24 16.57a.277.277 0 0 1-.345.061L3.47 12.428a.264.264 0 0 1-.1-.364l2.444-4.15a.275.275 0 0 1 .37-.098L8.809 9.3l2.783-4.723a.275.275 0 0 1 .37-.098l4.57 2.587c.13.073.174.235.1.362l-5.353 9.093a.25.25 0 0 1-.038.049z"
        />
      </React.Fragment>,
      "data-doday-test": "SilverIcon",
    },
    "ref": null,
    "rendered": Object {
      "instance": null,
      "key": undefined,
      "nodeType": "function",
      "props": Object {
        "children": Array [
          <circle
            cx="10"
            cy="10"
            fill="#F7F7F7"
            r="10"
            stroke="#222"
            strokeWidth="1.5"
          />,
          <path
            d="M11.24 16.57a.277.277 0 0 1-.345.061L3.47 12.428a.264.264 0 0 1-.1-.364l2.444-4.15a.275.275 0 0 1 .37-.098L8.809 9.3l2.783-4.723a.275.275 0 0 1 .37-.098l4.57 2.587c.13.073.174.235.1.362l-5.353 9.093a.25.25 0 0 1-.038.049z"
          />,
        ],
      },
      "ref": null,
      "rendered": Array [
        Object {
          "instance": null,
          "key": undefined,
          "nodeType": "host",
          "props": Object {
            "cx": "10",
            "cy": "10",
            "fill": "#F7F7F7",
            "r": "10",
            "stroke": "#222",
            "strokeWidth": "1.5",
          },
          "ref": null,
          "rendered": null,
          "type": "circle",
        },
        Object {
          "instance": null,
          "key": undefined,
          "nodeType": "host",
          "props": Object {
            "d": "M11.24 16.57a.277.277 0 0 1-.345.061L3.47 12.428a.264.264 0 0 1-.1-.364l2.444-4.15a.275.275 0 0 1 .37-.098L8.809 9.3l2.783-4.723a.275.275 0 0 1 .37-.098l4.57 2.587c.13.073.174.235.1.362l-5.353 9.093a.25.25 0 0 1-.038.049z",
          },
          "ref": null,
          "rendered": null,
          "type": "path",
        },
      ],
      "type": Symbol(react.fragment),
    },
    "type": [Function],
  },
  Symbol(enzyme.__nodes__): Array [
    Object {
      "instance": null,
      "key": undefined,
      "nodeType": "class",
      "props": Object {
        "children": <React.Fragment>
          <circle
            cx="10"
            cy="10"
            fill="#F7F7F7"
            r="10"
            stroke="#222"
            strokeWidth="1.5"
          />
          <path
            d="M11.24 16.57a.277.277 0 0 1-.345.061L3.47 12.428a.264.264 0 0 1-.1-.364l2.444-4.15a.275.275 0 0 1 .37-.098L8.809 9.3l2.783-4.723a.275.275 0 0 1 .37-.098l4.57 2.587c.13.073.174.235.1.362l-5.353 9.093a.25.25 0 0 1-.038.049z"
          />
        </React.Fragment>,
        "data-doday-test": "SilverIcon",
      },
      "ref": null,
      "rendered": Object {
        "instance": null,
        "key": undefined,
        "nodeType": "function",
        "props": Object {
          "children": Array [
            <circle
              cx="10"
              cy="10"
              fill="#F7F7F7"
              r="10"
              stroke="#222"
              strokeWidth="1.5"
            />,
            <path
              d="M11.24 16.57a.277.277 0 0 1-.345.061L3.47 12.428a.264.264 0 0 1-.1-.364l2.444-4.15a.275.275 0 0 1 .37-.098L8.809 9.3l2.783-4.723a.275.275 0 0 1 .37-.098l4.57 2.587c.13.073.174.235.1.362l-5.353 9.093a.25.25 0 0 1-.038.049z"
            />,
          ],
        },
        "ref": null,
        "rendered": Array [
          Object {
            "instance": null,
            "key": undefined,
            "nodeType": "host",
            "props": Object {
              "cx": "10",
              "cy": "10",
              "fill": "#F7F7F7",
              "r": "10",
              "stroke": "#222",
              "strokeWidth": "1.5",
            },
            "ref": null,
            "rendered": null,
            "type": "circle",
          },
          Object {
            "instance": null,
            "key": undefined,
            "nodeType": "host",
            "props": Object {
              "d": "M11.24 16.57a.277.277 0 0 1-.345.061L3.47 12.428a.264.264 0 0 1-.1-.364l2.444-4.15a.275.275 0 0 1 .37-.098L8.809 9.3l2.783-4.723a.275.275 0 0 1 .37-.098l4.57 2.587c.13.073.174.235.1.362l-5.353 9.093a.25.25 0 0 1-.038.049z",
            },
            "ref": null,
            "rendered": null,
            "type": "path",
          },
        ],
        "type": Symbol(react.fragment),
      },
      "type": [Function],
    },
  ],
  Symbol(enzyme.__options__): Object {
    "adapter": ReactSixteenAdapter {
      "options": Object {
        "enableComponentDidUpdateOnSetState": true,
        "legacyContextMode": "parent",
        "lifecycles": Object {
          "componentDidUpdate": Object {
            "onSetState": true,
          },
          "getChildContext": Object {
            "calledByRenderer": false,
          },
          "getDerivedStateFromProps": Object {
            "hasShouldComponentUpdateBug": false,
          },
          "getSnapshotBeforeUpdate": true,
          "setState": Object {
            "skipsComponentDidUpdateOnNullish": true,
          },
        },
      },
    },
    "disableLifecycleMethods": true,
  },
}
`;
