// Jest Snapshot v1, https://goo.gl/fbAQLP

exports[`Checkbox renders correctly checked 1`] = `ShallowWrapper {}`;

exports[`Checkbox renders correctly without props 1`] = `ShallowWrapper {}`;
