// Jest Snapshot v1, https://goo.gl/fbAQLP

exports[`Locked renders correctly without props 1`] = `
ShallowWrapper {
  Symbol(enzyme.__root__): [Circular],
  Symbol(enzyme.__unrendered__): <Unknown />,
  Symbol(enzyme.__renderer__): Object {
    "batchedUpdates": [Function],
    "checkPropTypes": [Function],
    "getNode": [Function],
    "render": [Function],
    "simulateError": [Function],
    "simulateEvent": [Function],
    "unmount": [Function],
  },
  Symbol(enzyme.__node__): Object {
    "instance": null,
    "key": undefined,
    "nodeType": "host",
    "props": Object {
      "children": <g
        fill="none"
        fillRule="evenodd"
        transform="translate(6 4)"
      >
        <path
          d="M8.4 8H10V4a4 4 0 1 0-8 0v1.6h1.6V4a2.4 2.4 0 1 1 4.8 0v4z"
          fill="black"
          fillRule="nonzero"
        />
        <rect
          fill="#FFF"
          height="9.6"
          rx="1"
          stroke="black"
          strokeWidth="1.6"
          width="13.6"
          x="-.8"
          y="6.2"
        />
        <circle
          cx="6"
          cy="11"
          r="1.5"
          stroke="black"
        />
      </g>,
      "height": 20,
      "viewBox": "0 0 24 24",
      "width": 20,
      "xmlns": "http://www.w3.org/2000/svg",
    },
    "ref": null,
    "rendered": Object {
      "instance": null,
      "key": undefined,
      "nodeType": "host",
      "props": Object {
        "children": Array [
          <path
            d="M8.4 8H10V4a4 4 0 1 0-8 0v1.6h1.6V4a2.4 2.4 0 1 1 4.8 0v4z"
            fill="black"
            fillRule="nonzero"
          />,
          <rect
            fill="#FFF"
            height="9.6"
            rx="1"
            stroke="black"
            strokeWidth="1.6"
            width="13.6"
            x="-.8"
            y="6.2"
          />,
          <circle
            cx="6"
            cy="11"
            r="1.5"
            stroke="black"
          />,
        ],
        "fill": "none",
        "fillRule": "evenodd",
        "transform": "translate(6 4)",
      },
      "ref": null,
      "rendered": Array [
        Object {
          "instance": null,
          "key": undefined,
          "nodeType": "host",
          "props": Object {
            "d": "M8.4 8H10V4a4 4 0 1 0-8 0v1.6h1.6V4a2.4 2.4 0 1 1 4.8 0v4z",
            "fill": "black",
            "fillRule": "nonzero",
          },
          "ref": null,
          "rendered": null,
          "type": "path",
        },
        Object {
          "instance": null,
          "key": undefined,
          "nodeType": "host",
          "props": Object {
            "fill": "#FFF",
            "height": "9.6",
            "rx": "1",
            "stroke": "black",
            "strokeWidth": "1.6",
            "width": "13.6",
            "x": "-.8",
            "y": "6.2",
          },
          "ref": null,
          "rendered": null,
          "type": "rect",
        },
        Object {
          "instance": null,
          "key": undefined,
          "nodeType": "host",
          "props": Object {
            "cx": "6",
            "cy": "11",
            "r": "1.5",
            "stroke": "black",
          },
          "ref": null,
          "rendered": null,
          "type": "circle",
        },
      ],
      "type": "g",
    },
    "type": "svg",
  },
  Symbol(enzyme.__nodes__): Array [
    Object {
      "instance": null,
      "key": undefined,
      "nodeType": "host",
      "props": Object {
        "children": <g
          fill="none"
          fillRule="evenodd"
          transform="translate(6 4)"
        >
          <path
            d="M8.4 8H10V4a4 4 0 1 0-8 0v1.6h1.6V4a2.4 2.4 0 1 1 4.8 0v4z"
            fill="black"
            fillRule="nonzero"
          />
          <rect
            fill="#FFF"
            height="9.6"
            rx="1"
            stroke="black"
            strokeWidth="1.6"
            width="13.6"
            x="-.8"
            y="6.2"
          />
          <circle
            cx="6"
            cy="11"
            r="1.5"
            stroke="black"
          />
        </g>,
        "height": 20,
        "viewBox": "0 0 24 24",
        "width": 20,
        "xmlns": "http://www.w3.org/2000/svg",
      },
      "ref": null,
      "rendered": Object {
        "instance": null,
        "key": undefined,
        "nodeType": "host",
        "props": Object {
          "children": Array [
            <path
              d="M8.4 8H10V4a4 4 0 1 0-8 0v1.6h1.6V4a2.4 2.4 0 1 1 4.8 0v4z"
              fill="black"
              fillRule="nonzero"
            />,
            <rect
              fill="#FFF"
              height="9.6"
              rx="1"
              stroke="black"
              strokeWidth="1.6"
              width="13.6"
              x="-.8"
              y="6.2"
            />,
            <circle
              cx="6"
              cy="11"
              r="1.5"
              stroke="black"
            />,
          ],
          "fill": "none",
          "fillRule": "evenodd",
          "transform": "translate(6 4)",
        },
        "ref": null,
        "rendered": Array [
          Object {
            "instance": null,
            "key": undefined,
            "nodeType": "host",
            "props": Object {
              "d": "M8.4 8H10V4a4 4 0 1 0-8 0v1.6h1.6V4a2.4 2.4 0 1 1 4.8 0v4z",
              "fill": "black",
              "fillRule": "nonzero",
            },
            "ref": null,
            "rendered": null,
            "type": "path",
          },
          Object {
            "instance": null,
            "key": undefined,
            "nodeType": "host",
            "props": Object {
              "fill": "#FFF",
              "height": "9.6",
              "rx": "1",
              "stroke": "black",
              "strokeWidth": "1.6",
              "width": "13.6",
              "x": "-.8",
              "y": "6.2",
            },
            "ref": null,
            "rendered": null,
            "type": "rect",
          },
          Object {
            "instance": null,
            "key": undefined,
            "nodeType": "host",
            "props": Object {
              "cx": "6",
              "cy": "11",
              "r": "1.5",
              "stroke": "black",
            },
            "ref": null,
            "rendered": null,
            "type": "circle",
          },
        ],
        "type": "g",
      },
      "type": "svg",
    },
  ],
  Symbol(enzyme.__options__): Object {
    "adapter": ReactSixteenAdapter {
      "options": Object {
        "enableComponentDidUpdateOnSetState": true,
        "legacyContextMode": "parent",
        "lifecycles": Object {
          "componentDidUpdate": Object {
            "onSetState": true,
          },
          "getChildContext": Object {
            "calledByRenderer": false,
          },
          "getDerivedStateFromProps": Object {
            "hasShouldComponentUpdateBug": false,
          },
          "getSnapshotBeforeUpdate": true,
          "setState": Object {
            "skipsComponentDidUpdateOnNullish": true,
          },
        },
      },
    },
    "disableLifecycleMethods": true,
  },
}
`;
