// Jest Snapshot v1, https://goo.gl/fbAQLP

exports[`Input renders correctly without props 1`] = `ShallowWrapper {}`;
